<?xml version="1.0" encoding="UTF-8"?><mappingRoot domainID="com.ibm.msl.mapping.xml" targetNamespace="http://TransportationModule/com/touresbalon/transforms/avianca/dataMappingCheckAvaiResp" version="7.0.500" xmlns="http://www.ibm.com/2008/ccl/Mapping" xmlns:map="http://TransportationModule/com/touresbalon/transforms/avianca/dataMappingCheckAvaiResp">
    <input path="smo://smo/name%3Dwsdl-primary/message%3D%257Bhttp%253A%252F%252Fwww.avianca.com%252Fservices%252F%257DconsultarDisponibilidadSoapOut/xpath%3D%252Fbody/smo.xsd"/>
    <output path="smo://smo/name%3Dwsdl-primary/message%3D%257Bhttp%253A%252F%252FTransportationLib%257DcheckAvailabilityResponseMsg/xpath%3D%252Fbody/smo.xsd"/>
    <mappingDeclaration name="dataMappingCheckAvaiResp">
        <input path="body"/>
        <output path="body"/>
        <foreach>
            <input path="consultarDisponibilidadResponse/consultarDisponibilidadResult/InformacionVuelo"/>
            <output path="checkAvailabilityResponse/response/Content"/>
            <move>
                <input path="NumeroVuelo"/>
                <output path="numViaje"/>
            </move>
            <move>
                <input path="CodigoCiudadOrigen"/>
                <output path="ciudadOrigen"/>
            </move>
            <move>
                <input path="CodigoCiudadDestino"/>
                <output path="ciudadDestino"/>
            </move>
            <move>
                <input path="NumeroSilla"/>
                <output path="numSilla"/>
            </move>
            <move>
                <input path="FechaSalida"/>
                <output path="fechaSalida"/>
            </move>
        </foreach>
    </mappingDeclaration>
</mappingRoot>