<?xml version="1.0" encoding="UTF-8"?><mappingRoot domainID="com.ibm.msl.mapping.xml" targetNamespace="http://TransportationModule/com/touresbalon/transforms/avianca/dataMappingMakeReservReq" version="7.0.500" xmlns="http://www.ibm.com/2008/ccl/Mapping" xmlns:map="http://TransportationModule/com/touresbalon/transforms/avianca/dataMappingMakeReservReq">
    <input path="smo://smo/name%3Dwsdl-primary/message%3D%257Bhttp%253A%252F%252FTransportationLib%257DmakeReservationRequestMsg/xpath%3D%252Fbody/smo.xsd"/>
    <output path="smo://smo/name%3Dwsdl-primary/message%3D%257Bhttp%253A%252F%252Fwww.avianca.com%252Fservices%252F%257DreservarVueloSoapIn/xpath%3D%252Fbody/smo.xsd"/>
    <mappingDeclaration name="dataMappingMakeReservReq">
        <input path="body"/>
        <output path="body"/>
        <foreach>
            <input path="makeReservation/request/content"/>
            <output path="reservarVuelo/informacionReserva/InformacionReserva"/>
            <move>
                <input path="identificacion"/>
                <output path="Identificacion"/>
            </move>
            <move>
                <input path="nombre"/>
                <output path="Nombre"/>
            </move>
            <move>
                <input path="apellido"/>
                <output path="Apellido"/>
            </move>
            <move>
                <input path="numeroViaje"/>
                <output path="NumeroVuelo"/>
            </move>
            <move>
                <input path="codigoCiudadOrigen"/>
                <output path="CodigoCiudadOrigen"/>
            </move>
            <move>
                <input path="codigoCiudadDestino"/>
                <output path="CodigoCiudadDestino"/>
            </move>
            <move>
                <input path="numeroSilla"/>
                <output path="NumeroSilla"/>
            </move>
            <move>
                <input path="fechaSalida"/>
                <output path="FechaSalida"/>
            </move>
            <move>
                <input path="orderID"/>
                <output path="OrderID"/>
            </move>
        </foreach>
    </mappingDeclaration>
</mappingRoot>