<?xml version="1.0" encoding="UTF-8"?><mappingRoot domainID="com.ibm.msl.mapping.xml" targetNamespace="http://PaymentsModule/com/touresbalon/transforms/dataMappingValidateCardResp" version="7.0.500" xmlns="http://www.ibm.com/2008/ccl/Mapping" xmlns:map="http://PaymentsModule/com/touresbalon/transforms/dataMappingValidateCardResp">
    <input path="smo://smo/name%3Dwsdl-primary/message%3D%257Bhttp%253A%252F%252Ftempuri.org%252F%257DValidateSoapOut/xpath%3D%252Fbody/smo.xsd"/>
    <output path="smo://smo/name%3Dwsdl-primary/message%3D%257Bhttp%253A%252F%252FPaymentsModuleLib%252Fcom%252Ftouresbalon%252Finterfaces%252FPaymentServiceIF%257DvalidateCardResponseMsg/xpath%3D%252Fbody/smo.xsd"/>
    <mappingDeclaration name="dataMappingValidateCardResp">
        <input path="body"/>
        <output path="body"/>
        <move>
            <input path="ValidateResponse/ValidateResult"/>
            <output path="validateCardResponse/response/RC"/>
        </move>
    </mappingDeclaration>
</mappingRoot>