<?xml version="1.0" encoding="UTF-8"?><mappingRoot domainID="com.ibm.msl.mapping.xml" targetNamespace="http://AccommodationModule/com/touresbalon/transforms/mapDataMappingCancelResponse" version="7.0.500" xmlns="http://www.ibm.com/2008/ccl/Mapping" xmlns:map="http://AccommodationModule/com/touresbalon/transforms/mapDataMappingCancelResponse">
    <input path="smo://smo/name%3Dwsdl-primary/message%3D%257Bhttp%253A%252F%252FAccommodationModule%252FDannCarltonReservations%257DupdateDboTouresbalon_ReservationsBGResponseMsg/xpath%3D%252Fbody/smo.xsd"/>
    <output path="smo://smo/name%3Dwsdl-primary/message%3D%257Bhttp%253A%252F%252FAccommodationLib%252Fcom%252Ftouresbalon%252Finterfaces%252FAccommodationServiceIF%257DcancelReservationResponseMsg/xpath%3D%252Fbody/smo.xsd"/>
    <mappingDeclaration name="mapDataMappingCancelResponse">
        <input path="body"/>
        <output path="body"/>
        <move>
            <input path="updateDboTouresbalon_ReservationsBGResponse/updateDboTouresbalon_ReservationsBGOutput/DboTouresbalon_Reservations/state"/>
            <output path="cancelReservationResponse/response/RC"/>
        </move>
    </mappingDeclaration>
</mappingRoot>