<?xml version="1.0" encoding="UTF-8"?><mappingRoot domainID="com.ibm.msl.mapping.xml" targetNamespace="http://AccommodationModule/com/touresbalon/transforms/mapDataMappingCancelReser" version="7.0.500" xmlns="http://www.ibm.com/2008/ccl/Mapping" xmlns:map="http://AccommodationModule/com/touresbalon/transforms/mapDataMappingCancelReser">
    <input path="smo://smo/name%3Dwsdl-primary/message%3D%257Bhttp%253A%252F%252FAccommodationLib%252Fcom%252Ftouresbalon%252Finterfaces%252FAccommodationServiceIF%257DcancelReservationRequestMsg/xpath%3D%252Fbody/smo.xsd"/>
    <output path="smo://smo/name%3Dwsdl-primary/message%3D%257Bhttp%253A%252F%252FAccommodationModule%252FDannCarltonReservations%257DupdateDboTouresbalon_ReservationsBGRequestMsg/xpath%3D%252Fbody/smo.xsd"/>
    <mappingDeclaration name="mapDataMappingCancelReser">
        <input path="body"/>
        <output path="body"/>
        <assign value="Update">
            <output path="updateDboTouresbalon_ReservationsBG/updateDboTouresbalon_ReservationsBGInput/verb"/>
        </assign>
        <move>
            <input path="cancelReservation/request/hotelID"/>
            <output path="updateDboTouresbalon_ReservationsBG/updateDboTouresbalon_ReservationsBGInput/DboTouresbalon_Reservations/hotel_id"/>
        </move>
        <move>
            <input path="cancelReservation/request/roomNumber"/>
            <output path="updateDboTouresbalon_ReservationsBG/updateDboTouresbalon_ReservationsBGInput/DboTouresbalon_Reservations/room_number"/>
        </move>
        <move>
            <input path="cancelReservation/request/checkInDate"/>
            <output path="updateDboTouresbalon_ReservationsBG/updateDboTouresbalon_ReservationsBGInput/DboTouresbalon_Reservations/check_in_date"/>
        </move>
        <move>
            <input path="cancelReservation/request/checkOutDate"/>
            <output path="updateDboTouresbalon_ReservationsBG/updateDboTouresbalon_ReservationsBGInput/DboTouresbalon_Reservations/check_out_date"/>
        </move>
        <move>
            <input path="cancelReservation/request/orderID"/>
            <output path="updateDboTouresbalon_ReservationsBG/updateDboTouresbalon_ReservationsBGInput/DboTouresbalon_Reservations/order_id"/>
        </move>
        <move>
            <input path="cancelReservation/request/guestName"/>
            <output path="updateDboTouresbalon_ReservationsBG/updateDboTouresbalon_ReservationsBGInput/DboTouresbalon_Reservations/guest_name"/>
        </move>
        <assign value="-1">
            <output path="updateDboTouresbalon_ReservationsBG/updateDboTouresbalon_ReservationsBGInput/DboTouresbalon_Reservations/state"/>
        </assign>
    </mappingDeclaration>
</mappingRoot>