<?xml version="1.0" encoding="UTF-8"?><mappingRoot domainID="com.ibm.msl.mapping.xml" targetNamespace="http://AccommodationModule/com/touresbalon/transforms/xslDataMappingReservation" version="7.0.500" xmlns="http://www.ibm.com/2008/ccl/Mapping" xmlns:map="http://AccommodationModule/com/touresbalon/transforms/xslDataMappingReservation">
    <input path="smo://smo/name%3Dwsdl-primary/message%3D%257Bhttp%253A%252F%252FAccommodationLib%252Fcom%252Ftouresbalon%252Finterfaces%252FAccommodationServiceIF%257DmakeReservationRequestMsg/xpath%3D%252Fbody/smo.xsd"/>
    <output path="smo://smo/name%3Dwsdl-primary/message%3D%257Bhttp%253A%252F%252Ftempuri.org%252F%257DbookingRoomSoapIn/xpath%3D%252Fbody/smo.xsd"/>
    <mappingDeclaration name="xslDataMappingReservation">
        <input path="body"/>
        <output path="body"/>
        <move>
            <input path="makeReservation/request/hotelID"/>
            <output path="bookingRoom/reservation/HotelID"/>
        </move>
        <move>
            <input path="makeReservation/request/roomNumber"/>
            <output path="bookingRoom/reservation/RoomNumber"/>
        </move>
        <convert>
            <input path="makeReservation/request/checkInDate"/>
            <output path="bookingRoom/reservation/CheckInDate"/>
        </convert>
        <convert>
            <input path="makeReservation/request/checkOutDate"/>
            <output path="bookingRoom/reservation/checkOutDate"/>
        </convert>
        <move>
            <input path="makeReservation/request/orderID"/>
            <output path="bookingRoom/reservation/OrderID"/>
        </move>
    </mappingDeclaration>
</mappingRoot>