<?xml version="1.0" encoding="UTF-8"?><mappingRoot domainID="com.ibm.msl.mapping.xml" targetNamespace="http://AmericanAirlinesModule/com/touresbalon/transforms/xslMappingData" version="7.0.500" xmlns="http://www.ibm.com/2008/ccl/Mapping" xmlns:map="http://AmericanAirlinesModule/com/touresbalon/transforms/xslMappingData">
    <input path="smo://smo/name%3Dwsdl-primary/message%3D%257Bhttp%253A%252F%252FTransportationLib%257DmakeReservationRequestMsg/xpath%3D%252Fbody/smo.xsd"/>
    <output path="smo://smo/name%3Dwsdl-primary/message%3D%257Bhttp%253A%252F%252Ftempuri.org%252F%257DbookingFlightSoapIn/xpath%3D%252Fbody/smo.xsd"/>
    <mappingDeclaration name="xslMappingReservationData">
        <input path="body"/>
        <output path="body"/>
        <move>
            <input path="makeReservation/request/identificacion"/>
            <output path="bookingFlight/informacionReserva/Identificacion"/>
        </move>
        <move>
            <input path="makeReservation/request/nombre"/>
            <output path="bookingFlight/informacionReserva/Nombre"/>
        </move>
        <move>
            <input path="makeReservation/request/apellido"/>
            <output path="bookingFlight/informacionReserva/Apellido"/>
        </move>
        <move>
            <input path="makeReservation/request/numeroViaje"/>
            <output path="bookingFlight/informacionReserva/NumeroVuelo"/>
        </move>
        <move>
            <input path="makeReservation/request/codigoCiudadOrigen"/>
            <output path="bookingFlight/informacionReserva/CodigoCiudadOrigen"/>
        </move>
        <move>
            <input path="makeReservation/request/codigoCiudadDestino"/>
            <output path="bookingFlight/informacionReserva/CodigoCiudadDestino"/>
        </move>
        <move>
            <input path="makeReservation/request/numeroSilla"/>
            <output path="bookingFlight/informacionReserva/NumeroSilla"/>
        </move>
        <move>
            <input path="makeReservation/request/fechaSalida"/>
            <output path="bookingFlight/informacionReserva/FechaSalida"/>
        </move>
        <move>
            <input path="makeReservation/request/orderID"/>
            <output path="bookingFlight/informacionReserva/OrderID"/>
        </move>
    </mappingDeclaration>
</mappingRoot>