<?xml version="1.0" encoding="UTF-8"?><mappingRoot domainID="com.ibm.msl.mapping.xml" targetNamespace="http://DannCarltonMediation/xslt/input_map_req_1" version="7.0.500" xmlns="http://www.ibm.com/2008/ccl/Mapping" xmlns:map="http://DannCarltonMediation/xslt/input_map_req_1">
    <input path="smo://smo/name%3Dwsdl-primary/message%3D%257Bhttp%253A%252F%252FDannCarltonMediation%252FJDBCExport%257DupdateDboTouresbalon_ReservationsRequestMsg/xpath%3D%252Fbody/smo.xsd"/>
    <output path="smo://smo/name%3Dwsdl-primary/message%3D%257Bhttp%253A%252F%252FAccommodationLib%252Fcom%252Ftouresbalon%252Finterfaces%252FAccommodationCallbackIF%257DconfirmRequestMsg/xpath%3D%252Fbody/smo.xsd"/>
    <mappingDeclaration name="input_map_req_1">
        <input path="body"/>
        <output path="body"/>
        <move>
            <input path="updateDboTouresbalon_Reservations/updateDboTouresbalon_ReservationsInput/order_id"/>
            <output path="confirm/response/orderID"/>
        </move>
    </mappingDeclaration>
</mappingRoot>